// Jest Snapshot v1, https://jestjs.io/docs/snapshot-testing

exports[`CounterApp Component Tests deber√≠a hacer match con el snapshot 1`] = `
<div>
  <h1>
    Counter App
  </h1>
  <h2>
    100
  </h2>
  <button>
     +1 
  </button>
  <button>
     -1 
  </button>
  <button>
     Reset 
  </button>
</div>
`;
