// Jest Snapshot v1, https://jestjs.io/docs/snapshot-testing

exports[`Pruebas en first app component Debe hacer match con el snapshot 1`] = `
<div>
  <h1>
    Hola, soy Vegeta
  </h1>
  <p />
</div>
`;
